\BOOKMARK [1][-]{section.1}{\376\377\000G\000r\000u\000n\000d\000l\000a\000g\000e\000n}{}% 1
\BOOKMARK [2][-]{subsection.1.1}{\376\377\000A\000r\000o\000m\000a\000t\000i\000z\000i\000t\000\344\000t}{section.1}% 2
\BOOKMARK [3][-]{subsubsection.1.1.1}{\376\377\000F\000r\000o\000s\000t\000-\000M\000u\000s\000u\000l\000i\000n\000-\000D\000i\000a\000g\000r\000a\000m\000m\000e}{subsection.1.1}% 3
\BOOKMARK [3][-]{subsubsection.1.1.2}{\376\377\000T\000y\000p\000i\000s\000c\000h\000e\000\040\000A\000r\000o\000m\000a\000t\000i\000s\000c\000h\000e\000\040\000I\000o\000n\000e\000n}{subsection.1.1}% 4
\BOOKMARK [2][-]{subsection.1.2}{\376\377\000A\000n\000n\000u\000l\000e\000n\000e}{section.1}% 5
\BOOKMARK [3][-]{subsubsection.1.2.1}{\376\377\000C\000y\000c\000l\000o\000b\000u\000t\000a\000d\000i\000e\000n}{subsection.1.2}% 6
\BOOKMARK [3][-]{subsubsection.1.2.2}{\376\377\000C\000y\000c\000l\000o\000o\000c\000t\000a\000t\000e\000t\000r\000a\000e\000n}{subsection.1.2}% 7
\BOOKMARK [3][-]{subsubsection.1.2.3}{\376\377\000H\000\366\000h\000e\000r\000e\000\040\000A\000n\000n\000u\000l\000e\000n\000e}{subsection.1.2}% 8
\BOOKMARK [2][-]{subsection.1.3}{\376\377\000P\000o\000l\000y\000c\000y\000c\000l\000i\000s\000c\000h\000e\000\040\000A\000r\000o\000m\000a\000t\000e\000n}{section.1}% 9
\BOOKMARK [3][-]{subsubsection.1.3.1}{\376\377\000l\000i\000n\000e\000a\000r\000\040\000a\000n\000e\000l\000l\000i\000e\000r\000t\000e\000\040\000p\000o\000l\000y\000c\000y\000c\000l\000i\000s\000c\000h\000e\000\040\000V\000e\000r\000b\000i\000n\000d\000u\000n\000g\000e\000n}{subsection.1.3}% 10
\BOOKMARK [3][-]{subsubsection.1.3.2}{\376\377\000n\000i\000c\000h\000t\000-\000l\000i\000n\000e\000a\000r\000\040\000k\000o\000n\000d\000e\000n\000s\000i\000e\000r\000t\000e\000\040\000b\000e\000n\000z\000o\000i\000d\000e\000\040\000S\000y\000s\000t\000e\000m\000e}{subsection.1.3}% 11
\BOOKMARK [3][-]{subsubsection.1.3.3}{\376\377\000n\000i\000c\000h\000t\000\040\000b\000e\000n\000z\000o\000i\000d\000e\000\040\000p\000o\000l\000y\000c\000y\000c\000l\000i\000s\000c\000h\000e\000\040\000S\000y\000s\000t\000e\000m\000e}{subsection.1.3}% 12
\BOOKMARK [3][-]{subsubsection.1.3.4}{\376\377\000K\000r\000e\000u\000z\000k\000o\000n\000j\000u\000g\000i\000e\000r\000t\000e\000\040\000S\000y\000s\000t\000e\000m\000e}{subsection.1.3}% 13
\BOOKMARK [2][-]{subsection.1.4}{\376\377\000H\000e\000t\000e\000r\000o\000c\000y\000c\000l\000e\000n}{section.1}% 14
\BOOKMARK [3][-]{subsubsection.1.4.1}{\376\377\000A\000u\000s\000t\000a\000u\000s\000c\000h\000\040\000N\000o\000m\000e\000n\000k\000l\000a\000t\000u\000r}{subsection.1.4}% 15
\BOOKMARK [3][-]{subsubsection.1.4.2}{\376\377\000H\000a\000n\000t\000z\000s\000c\000h\000-\000W\000i\000d\000m\000a\000n\000-\000N\000o\000m\000e\000n\000k\000l\000a\000t\000u\000r}{subsection.1.4}% 16
\BOOKMARK [1][-]{section.2}{\376\377\000A\000r\000o\000m\000a\000t\000i\000s\000c\000h\000e\000\040\000H\000e\000t\000e\000r\000o\000c\000y\000c\000l\000e\000n}{}% 17
\BOOKMARK [2][-]{subsection.2.1}{\376\377\000P\000y\000r\000r\000o\000l}{section.2}% 18
\BOOKMARK [2][-]{subsection.2.2}{\376\377\000S\000t\000r\000u\000k\000t\000u\000r\000\040\000v\000o\000n\000\040\000P\000y\000r\000r\000o\000l}{section.2}% 19
\BOOKMARK [2][-]{subsection.2.3}{\376\377\000R\000e\000a\000k\000t\000i\000o\000n\000e\000n\000\040\000d\000e\000s\000\040\000P\000y\000r\000r\000o\000l\000s}{section.2}% 20
\BOOKMARK [2][-]{subsection.2.4}{\376\377\000S\000y\000n\000t\000h\000e\000s\000e\000\040\000v\000o\000n\000\040\000S\000u\000b\000s\000t\000i\000t\000u\000i\000e\000r\000t\000e\000n\000\040\000P\000y\000r\000r\000o\000l\000e\000n\000\040\000d\000u\000r\000c\000h\000\040\000R\000i\000n\000g\000a\000u\000f\000b\000a\000u}{section.2}% 21
\BOOKMARK [3][-]{subsubsection.2.4.1}{\376\377\000P\000a\000a\000l\000-\000K\000n\000o\000r\000r\000-\000S\000y\000n\000t\000h\000e\000s\000e}{subsection.2.4}% 22
\BOOKMARK [3][-]{subsubsection.2.4.2}{\376\377\000K\000n\000o\000r\000r\000s\000c\000h\000e\000\040\000P\000y\000r\000r\000o\000l\000s\000y\000n\000t\000h\000e\000s\000e}{subsection.2.4}% 23
\BOOKMARK [2][-]{subsection.2.5}{\376\377\000F\000u\000r\000a\000n}{section.2}% 24
\BOOKMARK [3][-]{subsubsection.2.5.1}{\376\377\000R\000e\000a\000k\000t\000i\000o\000n\000\040\000a\000l\000s\000\040\000B\000a\000s\000e}{subsection.2.5}% 25
\BOOKMARK [3][-]{subsubsection.2.5.2}{\376\377\000A\000u\000s\000t\000a\000u\000s\000c\000h\000\040\000z\000u\000m\000\040\000P\000y\000r\000r\000o\000l}{subsection.2.5}% 26
\BOOKMARK [3][-]{subsubsection.2.5.3}{\376\377\000E\000l\000e\000k\000t\000r\000o\000p\000h\000i\000l\000e\000\040\000A\000r\000o\000m\000a\000t\000e\000n\000\040\000S\000u\000b\000s\000t\000i\000t\000u\000t\000i\000o\000n}{subsection.2.5}% 27
\BOOKMARK [3][-]{subsubsection.2.5.4}{\376\377\000E\000i\000n\000f\000\374\000h\000r\000u\000n\000g\000\040\000v\000o\000n\000\040\000M\000e\000t\000h\000o\000x\000y\000-\000R\000e\000s\000t\000e\000n}{subsection.2.5}% 28
\BOOKMARK [3][-]{subsubsection.2.5.5}{\376\377\000T\000e\000c\000h\000n\000i\000s\000c\000h\000e\000\040\000S\000y\000n\000t\000h\000e\000s\000e\000\040\000v\000o\000n\000\040\000F\000u\000r\000a\000n}{subsection.2.5}% 29
\BOOKMARK [3][-]{subsubsection.2.5.6}{\376\377\000L\000a\000b\000o\000r\000m\000e\000t\000h\000o\000d\000e\000n}{subsection.2.5}% 30
\BOOKMARK [2][-]{subsection.2.6}{\376\377\000I\000m\000i\000d\000a\000z\000o\000l}{section.2}% 31
\BOOKMARK [3][-]{subsubsection.2.6.1}{\376\377\000R\000e\000a\000k\000t\000i\000o\000n\000e\000n}{subsection.2.6}% 32
\BOOKMARK [3][-]{subsubsection.2.6.2}{\376\377\000I\000m\000i\000d\000a\000z\000o\000l\000\040\000S\000y\000n\000t\000h\000e\000s\000e\000n}{subsection.2.6}% 33
\BOOKMARK [2][-]{subsection.2.7}{\376\377\000I\000n\000d\000o\000l}{section.2}% 34
\BOOKMARK [3][-]{subsubsection.2.7.1}{\376\377\000P\000r\000o\000t\000o\000n\000i\000e\000r\000u\000n\000g}{subsection.2.7}% 35
\BOOKMARK [3][-]{subsubsection.2.7.2}{\376\377\000E\000l\000e\000k\000t\000r\000o\000p\000h\000i\000l\000e\000\040\000a\000r\000o\000m\000a\000t\000i\000s\000c\000h\000e\000\040\000S\000u\000b\000s\000t\000i\000t\000u\000t\000i\000o\000n}{subsection.2.7}% 36
\BOOKMARK [3][-]{subsubsection.2.7.3}{\376\377\000I\000n\000d\000o\000l\000s\000y\000n\000t\000h\000e\000s\000e}{subsection.2.7}% 37
\BOOKMARK [3][-]{subsubsection.2.7.4}{\376\377\000M\000a\000d\000e\000l\000u\000n\000g\000\040\000S\000y\000n\000t\000h\000e\000s\000e}{subsection.2.7}% 38
\BOOKMARK [3][-]{subsubsection.2.7.5}{\376\377\000R\000e\000i\000s\000s\000e\000r\000t\000\040\000M\000e\000t\000h\000o\000d\000e}{subsection.2.7}% 39
\BOOKMARK [2][-]{subsection.2.8}{\376\377\000B\000e\000n\000z\000o\000f\000u\000r\000a\000n}{section.2}% 40
\BOOKMARK [3][-]{subsubsection.2.8.1}{\376\377\000T\000y\000p\000i\000s\000c\000h\000e\000\040\000S\000y\000n\000t\000h\000e\000s\000e\000\040\000v\000o\000n\000\040\000B\000e\000n\000z\000o\000f\000u\000r\000a\000n\000-\000D\000e\000r\000i\000v\000a\000t\000e\000n}{subsection.2.8}% 41
\BOOKMARK [2][-]{subsection.2.9}{\376\377\000I\000s\000o\000b\000e\000n\000z\000o\000f\000u\000r\000a\000n}{section.2}% 42
\BOOKMARK [2][-]{subsection.2.10}{\376\377\000P\000y\000r\000i\000d\000i\000n}{section.2}% 43
\BOOKMARK [3][-]{subsubsection.2.10.1}{\376\377\000T\000y\000p\000i\000s\000c\000h\000e\000\040\000R\000e\000a\000k\000t\000i\000o\000n\000e\000n}{subsection.2.10}% 44
\BOOKMARK [3][-]{subsubsection.2.10.2}{\376\377\000N\000u\000c\000l\000e\000o\000p\000h\000i\000l\000e\000\040\000S\000u\000b\000s\000t\000i\000t\000u\000t\000i\000o\000n}{subsection.2.10}% 45
\BOOKMARK [1][-]{section.3}{\376\377\000P\000e\000r\000i\000c\000y\000c\000l\000i\000s\000c\000h\000e\000\040\000R\000e\000a\000k\000t\000i\000o\000n\000e\000n}{}% 46
\BOOKMARK [2][-]{subsection.3.1}{\376\377\000C\000y\000c\000l\000o\000a\000d\000d\000i\000t\000i\000o\000n\000e\000n}{section.3}% 47
\BOOKMARK [2][-]{subsection.3.2}{\376\377\000S\000i\000g\000m\000a\000t\000r\000o\000p\000e\000\040\000U\000m\000l\000a\000g\000e\000r\000u\000n\000g}{section.3}% 48
\BOOKMARK [2][-]{subsection.3.3}{\376\377\000E\000l\000e\000k\000t\000r\000o\000c\000y\000c\000l\000i\000s\000c\000h\000e\000\040\000R\000e\000a\000k\000t\000i\000o\000n\000e\000n}{section.3}% 49
\BOOKMARK [2][-]{subsection.3.4}{\376\377\000E\000n\000-\000R\000e\000a\000k\000t\000i\000o\000n}{section.3}% 50
\BOOKMARK [2][-]{subsection.3.5}{\376\377\000C\000h\000e\000l\000o\000t\000r\000o\000p\000e\000\040\000R\000e\000a\000k\000t\000i\000o\000n\000e\000n}{section.3}% 51
